
cd earn-digital-ledgers-by-building-a-blockchain
cd learn-digital-ledgers-by-building-a-blockchain
ls
cd ..
cd learn-digital-ledgers-by-building-a-blockchain
touch init-blockchain.js
rm init-blockchain.js 
cd learn-digital-ledgers-by-building-a-blockchain/
touch init-blockchain.js
cd learn-digital-ledgers-by-building-a-blockchain/
cd ..
git
git remote -v
git commit . -m "update"
git push
cd learn-digital-ledgers-by-building-a-blockchain/
ls
cd ..
git add .
git commit . -m "feat: update"
git push
node init-blockchain.js
cd learn-digital-ledgers-by-building-a-blockchain/
node init-blockchain.js
clear
touch blockchain-helpers.js
git checkout -b learn/digital-ledgers
git commit . -m "feat: add blockchain-helpers.js"
git push
git push --set-upstream origin learn/digital-ledgers
git add .
git commit . -m "feat: add blockchain-helpers.js"
git push
touch add-block.js
node add-block.js 
node init-blockchain.js 
node add-block.js 
git add .
node add-block.js 
git add .
git commit . -m "feat: add add-block.js"
git push
touch validate-chain.js
node validate-chain.js 
git add .
git commit . -m "feat: add validate-chain.js"
git push
node add-block.js Me You 10
node add-block.js Me You 20
node add-block.js Me You 30
node validate-chain.js 
git add .
git commit . -m "feat: add data to block"
git push
touch add-transaction.js
node add-transaction.js You Me 5
node add-transaction.js You Me 15
node add-transaction.js You Me 25
node add-transaction.js You Me 35
node add-block.js 
node add-transaction.js Me You 2
node add-transaction.js Me You 4
node add-transaction.js Me You 6
node add-block.js 
node validate-chain.js 
git add .
cd learn-proof-of-work-consensus-by-building-a-block-mining-algorithm/
ls
node add-transaction.js You Me 100
node add-block.js 
node validate-chain.js 
git checkout -b learn/proof-of-work
git add .
git commit . -m "feat: init proof of work"
git push
git push --set-upstream origin learn/proof-of-work
rm add-block.js 
touch mine-block.js
npm install crypto-js
node mine-block.js 
node add-transaction.js You Me 12
git add .
git commit . -m "feat: add mine block"
git push
cd learn-proof-of-work-consensus-by-building-a-block-mining-algorithm/
ls
node mine-block.js 
node add-transaction.js You Me 24
node mine-block.js 
git add .
git commit . -m "feat: add nonce"
git push
node init-blockchain.js 
node add-transaction.js You Me 12
node add-transaction.js You Me 16
node mine-block.js 
node add-transaction.js You Me 20
node mine-block.js 
node add-transaction.js You Me 10
node mine-block.js 
node validate-chain.js 
node init-blockchain.js 
node add-transaction.js You Me 15
node add-transaction.js You Me 25
node mine-block.js 
node add-transaction.js You Me 5
node add-transaction.js You Me 10
node mine-block.js 
node validate-chain.js 
touch get-address-balance.js
node get-address-balance.js Me
node get-address-balance.js You
node init-blockchain.js 
node add-transaction.js Me You 40
node get-address-balance.js Me
node get-address-balance.js You
node mine-block.js 
node get-address-balance.js Me
node add-transaction.js Me You 40
node get-address-balance.js Me
node mine-block.js 
node get-address-balance.js Me
node get-address-balance.js You
node add-transaction.js Me I 5
git add .
git commit . -m "feat: finish course"
git push
git checkout -b learn/digital-signatures
cd ..
cd learn-digital-signatures-by-building-a-wallet/
node get-address-balance.js Me
node add-transaction.js Me You 35
node mine-block.js 
node validate-chain.js 
touch generate-wallet.js
npm install elliptic
node generate-wallet.js 
git commit . -m "feat: init course"
git push
git push --set-upstream origin learn/digital-signatures
git add .
