/workspace/web3-curriculum$
/workspace/web3-curriculum$
/workspace/web3-curriculum$ 1 cd earn-digital-ledgers-by-building-a-blockchain
/workspace/web3-curriculum/learn-digital-ledgers-by-building-a-blockchain$ 2 cd learn-digital-ledgers-by-building-a-blockchain
/workspace/web3-curriculum/learn-digital-ledgers-by-building-a-blockchain$ 3 ls
/workspace/web3-curriculum$ 4 cd ..
/workspace/web3-curriculum/learn-digital-ledgers-by-building-a-blockchain$ 5 cd learn-digital-ledgers-by-building-a-blockchain
/workspace/web3-curriculum$ 1 cd . && NODE_ENV=production node ./node_modules/@freecodecamp/freecodecamp-os/.freeCodeCamp/tooling/server.js
/workspace/web3-curriculum$ 1 cd . && NODE_ENV=production node ./node_modules/@freecodecamp/freecodecamp-os/.freeCodeCamp/tooling/server.js
/workspace/web3-curriculum$ 2 touch init-blockchain.js
/workspace/web3-curriculum$ 3 rm init-blockchain.js
/workspace/web3-curriculum/learn-digital-ledgers-by-building-a-blockchain$ 4 cd learn-digital-ledgers-by-building-a-blockchain/
/workspace/web3-curriculum/learn-digital-ledgers-by-building-a-blockchain$ 5 touch init-blockchain.js
/workspace/web3-curriculum$ 1 cd . && NODE_ENV=production node ./node_modules/@freecodecamp/freecodecamp-os/.freeCodeCamp/tooling/server.js
/workspace/web3-curriculum$ 1 cd . && NODE_ENV=production node ./node_modules/@freecodecamp/freecodecamp-os/.freeCodeCamp/tooling/server.js
/workspace/web3-curriculum$ 1 cd . && NODE_ENV=production node ./node_modules/@freecodecamp/freecodecamp-os/.freeCodeCamp/tooling/server.js
/workspace/web3-curriculum/learn-digital-ledgers-by-building-a-blockchain$ 2 cd learn-digital-ledgers-by-building-a-blockchain/
/workspace/web3-curriculum$ 3 cd ..
/workspace/web3-curriculum$ 4 git
/workspace/web3-curriculum$ 5 git remote -v
/workspace/web3-curriculum$ 6 git commit . -m "update"
/workspace/web3-curriculum$ 7 git push
/workspace/web3-curriculum/learn-digital-ledgers-by-building-a-blockchain$ 8 cd learn-digital-ledgers-by-building-a-blockchain/
/workspace/web3-curriculum/learn-digital-ledgers-by-building-a-blockchain$ 9 ls
/workspace/web3-curriculum/learn-digital-ledgers-by-building-a-blockchain$ 9 ls
/workspace/web3-curriculum$ 10 cd ..
/workspace/web3-curriculum$ 11 git add .
/workspace/web3-curriculum$ 12 git commit . -m "feat: update"
/workspace/web3-curriculum$ 13 git push
/workspace/web3-curriculum$ 14 node init-blockchain.js
/workspace/web3-curriculum/learn-digital-ledgers-by-building-a-blockchain$ 15 cd learn-digital-ledgers-by-building-a-blockchain/
/workspace/web3-curriculum/learn-digital-ledgers-by-building-a-blockchain$ 16 node init-blockchain.js
/workspace/web3-curriculum/learn-digital-ledgers-by-building-a-blockchain$ 17 clear
/workspace/web3-curriculum/learn-digital-ledgers-by-building-a-blockchain$ 18 touch blockchain-helpers.js
/workspace/web3-curriculum$ 1 cd . && NODE_ENV=production node ./node_modules/@freecodecamp/freecodecamp-os/.freeCodeCamp/tooling/server.js
/workspace/web3-curriculum$ 2 git checkout -b learn/digital-ledgers
/workspace/web3-curriculum$ 3 git commit . -m "feat: add blockchain-helpers.js"
/workspace/web3-curriculum$ 4 git push
/workspace/web3-curriculum$ 5 git push --set-upstream origin learn/digital-ledgers
/workspace/web3-curriculum$ 6 git add .
/workspace/web3-curriculum$ 7 git commit . -m "feat: add blockchain-helpers.js"
/workspace/web3-curriculum$ 8 git push
/workspace/web3-curriculum/learn-digital-ledgers-by-building-a-blockchain$ 19 touch add-block.js
/workspace/web3-curriculum/learn-digital-ledgers-by-building-a-blockchain$ 20 node add-block.js
/workspace/web3-curriculum/learn-digital-ledgers-by-building-a-blockchain$ 20 node add-block.js
/workspace/web3-curriculum/learn-digital-ledgers-by-building-a-blockchain$ 21 node init-blockchain.js
/workspace/web3-curriculum/learn-digital-ledgers-by-building-a-blockchain$ 22 node add-block.js
/workspace/web3-curriculum/learn-digital-ledgers-by-building-a-blockchain$ 23 git add .
/workspace/web3-curriculum/learn-digital-ledgers-by-building-a-blockchain$ 24 node add-block.js
/workspace/web3-curriculum/learn-digital-ledgers-by-building-a-blockchain$ 24 node add-block.js
/workspace/web3-curriculum/learn-digital-ledgers-by-building-a-blockchain$ 24 node add-block.js
/workspace/web3-curriculum/learn-digital-ledgers-by-building-a-blockchain$ 25 git add .
/workspace/web3-curriculum/learn-digital-ledgers-by-building-a-blockchain$ 26 git commit . -m "feat: add add-block.js"
/workspace/web3-curriculum/learn-digital-ledgers-by-building-a-blockchain$ 27 git push
/workspace/web3-curriculum/learn-digital-ledgers-by-building-a-blockchain$ 28 touch validate-chain.js
/workspace/web3-curriculum/learn-digital-ledgers-by-building-a-blockchain$ 29 node validate-chain.js
/workspace/web3-curriculum/learn-digital-ledgers-by-building-a-blockchain$ 29 node validate-chain.js
/workspace/web3-curriculum/learn-digital-ledgers-by-building-a-blockchain$ 29 node validate-chain.js
/workspace/web3-curriculum$ 9 git add .
/workspace/web3-curriculum$ 9 git add .
/workspace/web3-curriculum$ 10 git commit . -m "feat: add validate-chain.js"
/workspace/web3-curriculum$ 11 git push
/workspace/web3-curriculum$ 11 git push
/workspace/web3-curriculum$ 11 git push
/workspace/web3-curriculum/learn-digital-ledgers-by-building-a-blockchain$ 30 node add-block.js Me You 10
/workspace/web3-curriculum/learn-digital-ledgers-by-building-a-blockchain$ 30 node add-block.js Me You 10
/workspace/web3-curriculum/learn-digital-ledgers-by-building-a-blockchain$ 31 node add-block.js Me You 20
/workspace/web3-curriculum/learn-digital-ledgers-by-building-a-blockchain$ 32 node add-block.js Me You 30
/workspace/web3-curriculum/learn-digital-ledgers-by-building-a-blockchain$ 33 node validate-chain.js
/workspace/web3-curriculum$ 12 git add .
/workspace/web3-curriculum$ 13 git commit . -m "feat: add data to block"
/workspace/web3-curriculum$ 14 git push
/workspace/web3-curriculum/learn-digital-ledgers-by-building-a-blockchain$ 34 touch add-transaction.js
/workspace/web3-curriculum/learn-digital-ledgers-by-building-a-blockchain$ 35 node add-transaction.js You Me 5
/workspace/web3-curriculum/learn-digital-ledgers-by-building-a-blockchain$ 36 node add-transaction.js You Me 15
/workspace/web3-curriculum/learn-digital-ledgers-by-building-a-blockchain$ 37 node add-transaction.js You Me 25
/workspace/web3-curriculum/learn-digital-ledgers-by-building-a-blockchain$ 38 node add-transaction.js You Me 35
/workspace/web3-curriculum/learn-digital-ledgers-by-building-a-blockchain$ 39 node add-block.js
/workspace/web3-curriculum/learn-digital-ledgers-by-building-a-blockchain$ 40 node add-transaction.js Me You 2
/workspace/web3-curriculum/learn-digital-ledgers-by-building-a-blockchain$ 41 node add-transaction.js Me You 4
/workspace/web3-curriculum/learn-digital-ledgers-by-building-a-blockchain$ 42 node add-transaction.js Me You 6
/workspace/web3-curriculum/learn-digital-ledgers-by-building-a-blockchain$ 43 node add-block.js
/workspace/web3-curriculum/learn-digital-ledgers-by-building-a-blockchain$ 44 node validate-chain.js
/workspace/web3-curriculum$ 15 git add .
/workspace/web3-curriculum$ 1 cd . && NODE_ENV=production node ./node_modules/@freecodecamp/freecodecamp-os/.freeCodeCamp/tooling/server.js
/workspace/web3-curriculum/learn-proof-of-work-consensus-by-building-a-block-mining-algorithm$ 2 cd learn-proof-of-work-consensus-by-building-a-block-mining-algorithm/
/workspace/web3-curriculum/learn-proof-of-work-consensus-by-building-a-block-mining-algorithm$ 3 ls
/workspace/web3-curriculum/learn-proof-of-work-consensus-by-building-a-block-mining-algorithm$ 4 node add-transaction.js You Me 100
/workspace/web3-curriculum/learn-proof-of-work-consensus-by-building-a-block-mining-algorithm$ 5 node add-block.js
/workspace/web3-curriculum/learn-proof-of-work-consensus-by-building-a-block-mining-algorithm$ 6 node validate-chain.js
/workspace/web3-curriculum$ 1 cd . && NODE_ENV=production node ./node_modules/@freecodecamp/freecodecamp-os/.freeCodeCamp/tooling/server.js
/workspace/web3-curriculum$ 2 git checkout -b learn/proof-of-work
/workspace/web3-curriculum$ 3 git add .
/workspace/web3-curriculum$ 4 git commit . -m "feat: init proof of work"
/workspace/web3-curriculum$ 5 git push
/workspace/web3-curriculum$ 6 git push --set-upstream origin learn/proof-of-work
/workspace/web3-curriculum/learn-proof-of-work-consensus-by-building-a-block-mining-algorithm$ 7 rm add-block.js
/workspace/web3-curriculum/learn-proof-of-work-consensus-by-building-a-block-mining-algorithm$ 8 touch mine-block.js
/workspace/web3-curriculum/learn-proof-of-work-consensus-by-building-a-block-mining-algorithm$ 9 npm install crypto-js
/workspace/web3-curriculum/learn-proof-of-work-consensus-by-building-a-block-mining-algorithm$ 10 node mine-block.js
/workspace/web3-curriculum/learn-proof-of-work-consensus-by-building-a-block-mining-algorithm$ 10 node mine-block.js
/workspace/web3-curriculum/learn-proof-of-work-consensus-by-building-a-block-mining-algorithm$ 10 node mine-block.js
/workspace/web3-curriculum/learn-proof-of-work-consensus-by-building-a-block-mining-algorithm$ 10 node mine-block.js
/workspace/web3-curriculum/learn-proof-of-work-consensus-by-building-a-block-mining-algorithm$ 11 node add-transaction.js You Me 12
/workspace/web3-curriculum/learn-proof-of-work-consensus-by-building-a-block-mining-algorithm$ 11 node add-transaction.js You Me 12
/workspace/web3-curriculum/learn-proof-of-work-consensus-by-building-a-block-mining-algorithm$ 11 node add-transaction.js You Me 12
/workspace/web3-curriculum$ 7 git add .
/workspace/web3-curriculum$ 8 git commit . -m "feat: add mine block"
/workspace/web3-curriculum$ 9 git push
/workspace/web3-curriculum$ 1 cd . && NODE_ENV=production node ./node_modules/@freecodecamp/freecodecamp-os/.freeCodeCamp/tooling/server.js
/workspace/web3-curriculum$ 1 cd . && NODE_ENV=production node ./node_modules/@freecodecamp/freecodecamp-os/.freeCodeCamp/tooling/server.js
/workspace/web3-curriculum$ 1 cd . && NODE_ENV=production node ./node_modules/@freecodecamp/freecodecamp-os/.freeCodeCamp/tooling/server.js
/workspace/web3-curriculum$ 1 cd . && NODE_ENV=production node ./node_modules/@freecodecamp/freecodecamp-os/.freeCodeCamp/tooling/server.js
/workspace/web3-curriculum/learn-proof-of-work-consensus-by-building-a-block-mining-algorithm$ 2 cd learn-proof-of-work-consensus-by-building-a-block-mining-algorithm/
/workspace/web3-curriculum/learn-proof-of-work-consensus-by-building-a-block-mining-algorithm$ 3 ls
/workspace/web3-curriculum/learn-proof-of-work-consensus-by-building-a-block-mining-algorithm$ 4 node mine-block.js
/workspace/web3-curriculum/learn-proof-of-work-consensus-by-building-a-block-mining-algorithm$ 5 node add-transaction.js You Me 24
/workspace/web3-curriculum/learn-proof-of-work-consensus-by-building-a-block-mining-algorithm$ 6 node mine-block.js
/workspace/web3-curriculum/learn-proof-of-work-consensus-by-building-a-block-mining-algorithm$ 6 node mine-block.js
/workspace/web3-curriculum/learn-proof-of-work-consensus-by-building-a-block-mining-algorithm$ 6 node mine-block.js
/workspace/web3-curriculum/learn-proof-of-work-consensus-by-building-a-block-mining-algorithm$ 6 node mine-block.js
/workspace/web3-curriculum/learn-proof-of-work-consensus-by-building-a-block-mining-algorithm$ 6 node mine-block.js
/workspace/web3-curriculum$ 1 cd . && NODE_ENV=production node ./node_modules/@freecodecamp/freecodecamp-os/.freeCodeCamp/tooling/server.js
/workspace/web3-curriculum$ 1 cd . && NODE_ENV=production node ./node_modules/@freecodecamp/freecodecamp-os/.freeCodeCamp/tooling/server.js
/workspace/web3-curriculum$ 2 git add .
/workspace/web3-curriculum$ 3 git commit . -m "feat: add nonce"
/workspace/web3-curriculum$ 4 git push
/workspace/web3-curriculum/learn-proof-of-work-consensus-by-building-a-block-mining-algorithm$ 7 node init-blockchain.js
/workspace/web3-curriculum/learn-proof-of-work-consensus-by-building-a-block-mining-algorithm$ 8 node add-transaction.js You Me 12
/workspace/web3-curriculum/learn-proof-of-work-consensus-by-building-a-block-mining-algorithm$ 9 node add-transaction.js You Me 16
/workspace/web3-curriculum/learn-proof-of-work-consensus-by-building-a-block-mining-algorithm$ 10 node mine-block.js
/workspace/web3-curriculum/learn-proof-of-work-consensus-by-building-a-block-mining-algorithm$ 11 node add-transaction.js You Me 20
/workspace/web3-curriculum/learn-proof-of-work-consensus-by-building-a-block-mining-algorithm$ 12 node mine-block.js
/workspace/web3-curriculum/learn-proof-of-work-consensus-by-building-a-block-mining-algorithm$ 13 node add-transaction.js You Me 10
/workspace/web3-curriculum/learn-proof-of-work-consensus-by-building-a-block-mining-algorithm$ 14 node mine-block.js
/workspace/web3-curriculum/learn-proof-of-work-consensus-by-building-a-block-mining-algorithm$ 15 node validate-chain.js
/workspace/web3-curriculum/learn-proof-of-work-consensus-by-building-a-block-mining-algorithm$ 15 node validate-chain.js
/workspace/web3-curriculum/learn-proof-of-work-consensus-by-building-a-block-mining-algorithm$ 15 node validate-chain.js
/workspace/web3-curriculum/learn-proof-of-work-consensus-by-building-a-block-mining-algorithm$ 16 node init-blockchain.js
/workspace/web3-curriculum/learn-proof-of-work-consensus-by-building-a-block-mining-algorithm$ 17 node add-transaction.js You Me 15
/workspace/web3-curriculum/learn-proof-of-work-consensus-by-building-a-block-mining-algorithm$ 18 node add-transaction.js You Me 25
/workspace/web3-curriculum/learn-proof-of-work-consensus-by-building-a-block-mining-algorithm$ 19 node mine-block.js
/workspace/web3-curriculum/learn-proof-of-work-consensus-by-building-a-block-mining-algorithm$ 20 node add-transaction.js You Me 5
/workspace/web3-curriculum/learn-proof-of-work-consensus-by-building-a-block-mining-algorithm$ 21 node add-transaction.js You Me 10
/workspace/web3-curriculum/learn-proof-of-work-consensus-by-building-a-block-mining-algorithm$ 22 node mine-block.js
/workspace/web3-curriculum/learn-proof-of-work-consensus-by-building-a-block-mining-algorithm$ 23 node validate-chain.js
/workspace/web3-curriculum/learn-proof-of-work-consensus-by-building-a-block-mining-algorithm$ 23 node validate-chain.js
/workspace/web3-curriculum/learn-proof-of-work-consensus-by-building-a-block-mining-algorithm$ 23 node validate-chain.js
/workspace/web3-curriculum/learn-proof-of-work-consensus-by-building-a-block-mining-algorithm$ 24 touch get-address-balance.js
/workspace/web3-curriculum/learn-proof-of-work-consensus-by-building-a-block-mining-algorithm$ 25 node get-address-balance.js Me
/workspace/web3-curriculum/learn-proof-of-work-consensus-by-building-a-block-mining-algorithm$ 26 node get-address-balance.js You
/workspace/web3-curriculum/learn-proof-of-work-consensus-by-building-a-block-mining-algorithm$ 27 node init-blockchain.js
/workspace/web3-curriculum/learn-proof-of-work-consensus-by-building-a-block-mining-algorithm$ 28 node add-transaction.js Me You 40
/workspace/web3-curriculum/learn-proof-of-work-consensus-by-building-a-block-mining-algorithm$ 29 node get-address-balance.js Me
/workspace/web3-curriculum/learn-proof-of-work-consensus-by-building-a-block-mining-algorithm$ 30 node get-address-balance.js You
/workspace/web3-curriculum/learn-proof-of-work-consensus-by-building-a-block-mining-algorithm$ 31 node mine-block.js
/workspace/web3-curriculum/learn-proof-of-work-consensus-by-building-a-block-mining-algorithm$ 31 node mine-block.js
/workspace/web3-curriculum/learn-proof-of-work-consensus-by-building-a-block-mining-algorithm$ 32 node get-address-balance.js Me
/workspace/web3-curriculum/learn-proof-of-work-consensus-by-building-a-block-mining-algorithm$ 33 node add-transaction.js Me You 40
/workspace/web3-curriculum/learn-proof-of-work-consensus-by-building-a-block-mining-algorithm$ 34 node get-address-balance.js Me
/workspace/web3-curriculum/learn-proof-of-work-consensus-by-building-a-block-mining-algorithm$ 35 node mine-block.js
/workspace/web3-curriculum/learn-proof-of-work-consensus-by-building-a-block-mining-algorithm$ 36 node get-address-balance.js Me
/workspace/web3-curriculum/learn-proof-of-work-consensus-by-building-a-block-mining-algorithm$ 37 node get-address-balance.js You
/workspace/web3-curriculum/learn-proof-of-work-consensus-by-building-a-block-mining-algorithm$ 38 node add-transaction.js Me I 5
/workspace/web3-curriculum$ 5 git add .
/workspace/web3-curriculum$ 6 git commit . -m "feat: finish course"
/workspace/web3-curriculum$ 7 git push
/workspace/web3-curriculum$ 8 git checkout -b learn/digital-signatures
/workspace/web3-curriculum$ 39 cd ..
/workspace/web3-curriculum/learn-digital-signatures-by-building-a-wallet$ 40 cd learn-digital-signatures-by-building-a-wallet/
/workspace/web3-curriculum/learn-digital-signatures-by-building-a-wallet$ 41 node get-address-balance.js Me
/workspace/web3-curriculum/learn-digital-signatures-by-building-a-wallet$ 42 node add-transaction.js Me You 35
/workspace/web3-curriculum/learn-digital-signatures-by-building-a-wallet$ 43 node mine-block.js
/workspace/web3-curriculum/learn-digital-signatures-by-building-a-wallet$ 44 node validate-chain.js
/workspace/web3-curriculum/learn-digital-signatures-by-building-a-wallet$ 45 touch generate-wallet.js
/workspace/web3-curriculum/learn-digital-signatures-by-building-a-wallet$ 46 npm install elliptic
/workspace/web3-curriculum/learn-digital-signatures-by-building-a-wallet$ 47 node generate-wallet.js
/workspace/web3-curriculum/learn-digital-signatures-by-building-a-wallet$ 47 node generate-wallet.js
